{"r.x":  1, "r.y":  7, "s.x":  4, "s.y":  4}
{"r.x":  1, "r.y":  7, "s.x":  2, "s.y":  7}
{"r.x":  3, "r.z":  7, "s.x":  4, "s.y":  4}
{"r.x":  3, "r.z":  7, "s.x":  2, "s.y":  7}
{"r.x":  5, "r.z":  7, "s.x":  2, "s.y":  7}



