{"r.id": "A", "r.x": "1", "s.id": "A", "s.x": "1", "s.y": "1", "t.id": "A", "t.y": "1"}
{"r.id": "B", "r.x": "2", "s.id": "B", "s.x": "2", "s.y": "2", "t.id": "B", "t.y": "2"}
{"r.id": "C", "r.x": "3", "s.id": "C", "s.x": "3", "s.y": "3", "t.id": "C", "t.y": "3"}
{"r.id": "J", "r.x": "41", "s.id": "J", "s.x": "41", "s.y": "42", "t.id": "J", "t.y": "42"}
{"r.id": "J", "r.x": "41", "s.id": "J", "s.x": "41", "s.y": "42", "t.id": "K", "t.y": "42"}
{"r.id": "J", "r.x": "41", "s.id": "K", "s.x": "41", "s.y": "43", "t.id": "L", "t.y": "43"}
{"r.id": "J", "r.x": "41", "s.id": "K", "s.x": "41", "s.y": "43", "t.id": "M", "t.y": "43"}
{"r.id": "K", "r.x": "52", "s.id": "L", "s.x": "52", "s.y": "51", "t.id": "N", "t.y": "51"}
{"r.id": "L", "r.x": "52", "s.id": "L", "s.x": "52", "s.y": "51", "t.id": "N", "t.y": "51"}
{"r.id": "M", "r.x": "53", "s.id": "M", "s.x": "53", "s.y": "51", "t.id": "N", "t.y": "51"}
{"r.id": "N", "r.x": "53", "s.id": "M", "s.x": "53", "s.y": "51", "t.id": "N", "t.y": "51"}