{"x":  1, "y":  10, "z":  7, "w":  18, "u":  20}
{"x":  2, "y":  20, "z":  7, "w":  18, "u":  20}
{"x":  3, "y":  10, "z":  7, "w":  18, "u":  20}
{"x":  6, "y":  20, "z":  8, "u":  15}