{"customer.custkey":1,"customer.name":"Customer#000000001","customer.address":"IVhzIApeRb ot,c,E","customer.nationkey":15,"customer.phone":"25-989-741-2988","customer.acctbal":711.56,"customer.mktsegment":"BUILDING  ","customer.comment":"to the even, regular platelets. regular, ironic epitaphs nag e", "orders.orderkey":1,"orders.custkey":1,"orders.orderstatus":"O","orders.totalprice":173665.47,"orders.orderdate":"1996-01-02","orders.orderpriority":"5-LOW          ","orders.clerk":"Clerk#000000951","orders.shippriority":0,"orders.comment":"nstructions sleep furiously among ", "lineitem.orderkey":1,"lineitem.partkey":178261,"lineitem.suppkey":5813,"lineitem.linenumber":1,"lineitem.quantity":38.00,"lineitem.extendedprice":50891.88,"lineitem.discount":0.02,"lineitem.tax":0.03,"lineitem.returnflag":"R","lineitem.linestatus":"F","lineitem.shipdate":"1993-03-17","lineitem.commitdate":"1993-02-22","lineitem.receiptdate":"1993-04-15","lineitem.shipinstruct":"COLLECT COD              ","lineitem.shipmode":"REG AIR   ","lineitem.comment":"gside of the regular pint"}
{"customer.custkey":1,"customer.name":"Customer#000000001","customer.address":"IVhzIApeRb ot,c,E","customer.nationkey":15,"customer.phone":"25-989-741-2988","customer.acctbal":711.56,"customer.mktsegment":"BUILDING  ","customer.comment":"to the even, regular platelets. regular, ironic epitaphs nag e", "orders.orderkey":1,"orders.custkey":1,"orders.orderstatus":"O","orders.totalprice":173665.47,"orders.orderdate":"1996-01-02","orders.orderpriority":"5-LOW          ","orders.clerk":"Clerk#000000951","orders.shippriority":0,"orders.comment":"nstructions sleep furiously among ", "lineitem.orderkey":1,"lineitem.partkey":29896,"lineitem.suppkey":9897,"lineitem.linenumber":2,"lineitem.quantity":41.00,"lineitem.extendedprice":74861.49,"lineitem.discount":0.06,"lineitem.tax":0.05,"lineitem.returnflag":"R","lineitem.linestatus":"F","lineitem.shipdate":"1993-03-04","lineitem.commitdate":"1993-03-05","lineitem.receiptdate":"1993-03-10","lineitem.shipinstruct":"NONE                     ","lineitem.shipmode":"FOB       ","lineitem.comment":"lithely pending deposits"}
{"customer.custkey":2,"customer.name":"Customer#000000002","customer.address":"XSTf4,NCwDVaWNe6tEgvwfmRchLXak","customer.nationkey":13,"customer.phone":"23-768-687-3665","customer.acctbal":121.65,"customer.mktsegment":"AUTOMOBILE","customer.comment":"l accounts. blithely ironic theodolites integrate boldly: caref", "orders.orderkey":3,"orders.custkey":2,"orders.orderstatus":"F","orders.totalprice":193846.25,"orders.orderdate":"1993-10-14","orders.orderpriority":"5-LOW          ","orders.clerk":"Clerk#000000955","orders.shippriority":0,"orders.comment":"sly final accounts boost. carefully regular ideas cajole carefully. depos", "lineitem.orderkey":3,"lineitem.partkey":150821,"lineitem.suppkey":822,"lineitem.linenumber":5,"lineitem.quantity":1.00,"lineitem.extendedprice":1871.82,"lineitem.discount":0.08,"lineitem.tax":0.05,"lineitem.returnflag":"R","lineitem.linestatus":"F","lineitem.shipdate":"1993-03-20","lineitem.commitdate":"1993-01-20","lineitem.receiptdate":"1993-04-07","lineitem.shipinstruct":"NONE                     ","lineitem.shipmode":"REG AIR   ","lineitem.comment":"slyly pending packages. regular depos"}
{"customer.custkey":3,"customer.name":"Customer#000000003","customer.address":"MG9kdTD2WBHm","customer.nationkey":1,"customer.phone":"11-719-748-3364","customer.acctbal":7498.12,"customer.mktsegment":"AUTOMOBILE","customer.comment":" deposits eat slyly ironic, even instructions. express foxes detect slyly. blithely even accounts abov", "orders.orderkey":7,"orders.custkey":3,"orders.orderstatus":"O","orders.totalprice":252004.18,"orders.orderdate":"1996-01-10","orders.orderpriority":"2-HIGH         ","orders.clerk":"Clerk#000000470","orders.shippriority":0,"orders.comment":"ly special requests ", "lineitem.orderkey":7,"lineitem.partkey":2514,"lineitem.suppkey":7515,"lineitem.linenumber":1,"lineitem.quantity":39.00,"lineitem.extendedprice":55243.89,"lineitem.discount":0.08,"lineitem.tax":0.05,"lineitem.returnflag":"A","lineitem.linestatus":"F","lineitem.shipdate":"1992-05-05","lineitem.commitdate":"1992-05-09","lineitem.receiptdate":"1992-05-27","lineitem.shipinstruct":"TAKE BACK RETURN         ","lineitem.shipmode":"RAIL      ","lineitem.comment":"as cajole furiously reg"}
{"customer.custkey":3,"customer.name":"Customer#000000003","customer.address":"MG9kdTD2WBHm","customer.nationkey":1,"customer.phone":"11-719-748-3364","customer.acctbal":7498.12,"customer.mktsegment":"AUTOMOBILE","customer.comment":" deposits eat slyly ironic, even instructions. express foxes detect slyly. blithely even accounts abov", "orders.orderkey":7,"orders.custkey":3,"orders.orderstatus":"O","orders.totalprice":252004.18,"orders.orderdate":"1996-01-10","orders.orderpriority":"2-HIGH         ","orders.clerk":"Clerk#000000470","orders.shippriority":0,"orders.comment":"ly special requests ", "lineitem.orderkey":7,"lineitem.partkey":40820,"lineitem.suppkey":3325,"lineitem.linenumber":2,"lineitem.quantity":40.00,"lineitem.extendedprice":70432.80,"lineitem.discount":0.02,"lineitem.tax":0.03,"lineitem.returnflag":"R","lineitem.linestatus":"F","lineitem.shipdate":"1992-07-15","lineitem.commitdate":"1992-05-12","lineitem.receiptdate":"1992-07-26","lineitem.shipinstruct":"TAKE BACK RETURN         ","lineitem.shipmode":"MAIL      ","lineitem.comment":"ending excuse"}
{"customer.custkey":4,"customer.name":"Customer#000000004","customer.address":"XxVSJsLAGtn","customer.nationkey":4,"customer.phone":"14-128-190-5944","customer.acctbal":2866.83,"customer.mktsegment":"MACHINERY ","customer.comment":" requests. final, regular ideas sleep final accou", "orders.orderkey":2,"orders.custkey":4,"orders.orderstatus":"O","orders.totalprice":46929.18,"orders.orderdate":"1996-12-01","orders.orderpriority":"1-URGENT       ","orders.clerk":"Clerk#000000880","orders.shippriority":0,"orders.comment":" foxes. pending accounts at the pending, silent asymptot", "lineitem.orderkey":2,"lineitem.partkey":55582,"lineitem.suppkey":3098,"lineitem.linenumber":3,"lineitem.quantity":47.00,"lineitem.extendedprice":72266.26,"lineitem.discount":0.03,"lineitem.tax":0.06,"lineitem.returnflag":"A","lineitem.linestatus":"F","lineitem.shipdate":"1993-02-07","lineitem.commitdate":"1993-03-01","lineitem.receiptdate":"1993-02-23","lineitem.shipinstruct":"DELIVER IN PERSON        ","lineitem.shipmode":"RAIL      ","lineitem.comment":"slyly special theodol"}
{"customer.custkey":4,"customer.name":"Customer#000000004","customer.address":"XxVSJsLAGtn","customer.nationkey":4,"customer.phone":"14-128-190-5944","customer.acctbal":2866.83,"customer.mktsegment":"MACHINERY ","customer.comment":" requests. final, regular ideas sleep final accou", "orders.orderkey":2,"orders.custkey":4,"orders.orderstatus":"O","orders.totalprice":46929.18,"orders.orderdate":"1996-12-01","orders.orderpriority":"1-URGENT       ","orders.clerk":"Clerk#000000880","orders.shippriority":0,"orders.comment":" foxes. pending accounts at the pending, silent asymptot", "lineitem.orderkey":2,"lineitem.partkey":158408,"lineitem.suppkey":3439,"lineitem.linenumber":4,"lineitem.quantity":28.00,"lineitem.extendedprice":41059.20,"lineitem.discount":0.09,"lineitem.tax":0.01,"lineitem.returnflag":"A","lineitem.linestatus":"F","lineitem.shipdate":"1993-02-15","lineitem.commitdate":"1993-02-17","lineitem.receiptdate":"1993-02-22","lineitem.shipinstruct":"NONE                     ","lineitem.shipmode":"REG AIR   ","lineitem.comment":"t sauternes mol"}
{"customer.custkey":6,"customer.name":"Customer#000000006","customer.address":"sKZz0CsnMD7mp4Xd0YrBvx,LREYKUWAh yVn","customer.nationkey":20,"customer.phone":"30-114-968-4951","customer.acctbal":7638.57,"customer.mktsegment":"AUTOMOBILE","customer.comment":"tions. even deposits boost according to the slyly bold packages. final accounts cajole requests. furious", "orders.orderkey":5,"orders.custkey":6,"orders.orderstatus":"F","orders.totalprice":144659.20,"orders.orderdate":"1994-07-30","orders.orderpriority":"5-LOW          ","orders.clerk":"Clerk#000000925","orders.shippriority":0,"orders.comment":"quickly. bold deposits sleep slyly. packages use slyly", "lineitem.orderkey":5,"lineitem.partkey":36101,"lineitem.suppkey":6102,"lineitem.linenumber":6,"lineitem.quantity":22.00,"lineitem.extendedprice":22816.20,"lineitem.discount":0.02,"lineitem.tax":0.06,"lineitem.returnflag":"A","lineitem.linestatus":"F","lineitem.shipdate":"1993-03-09","lineitem.commitdate":"1993-01-28","lineitem.receiptdate":"1993-03-20","lineitem.shipinstruct":"NONE                     ","lineitem.shipmode":"RAIL      ","lineitem.comment":"lly according to the fl"}